Created by PLY version 3.11 (http://www.dabeaz.com/ply)

Unused terminals:

    ASSIGN
    COMMA
    ELSE
    FUNC
    IF
    WHILE

Grammar

Rule 0     S' -> statement
Rule 1     statement -> expression SEMICOLON
Rule 2     expression -> expression PLUS expression
Rule 3     expression -> expression MINUS expression
Rule 4     expression -> expression MULTIPLY expression
Rule 5     expression -> expression DIVIDE expression
Rule 6     expression -> LPAREN expression RPAREN
Rule 7     expression -> NUMBER
Rule 8     expression -> VARIABLE

Terminals, with rules where they appear

ASSIGN               : 
COMMA                : 
DIVIDE               : 5
ELSE                 : 
FUNC                 : 
IF                   : 
LPAREN               : 6
MINUS                : 3
MULTIPLY             : 4
NUMBER               : 7
PLUS                 : 2
RPAREN               : 6
SEMICOLON            : 1
VARIABLE             : 8
WHILE                : 
error                : 

Nonterminals, with rules where they appear

expression           : 1 2 2 3 3 4 4 5 5 6
statement            : 0

Parsing method: LALR

state 0

    (0) S' -> . statement
    (1) statement -> . expression SEMICOLON
    (2) expression -> . expression PLUS expression
    (3) expression -> . expression MINUS expression
    (4) expression -> . expression MULTIPLY expression
    (5) expression -> . expression DIVIDE expression
    (6) expression -> . LPAREN expression RPAREN
    (7) expression -> . NUMBER
    (8) expression -> . VARIABLE

    LPAREN          shift and go to state 3
    NUMBER          shift and go to state 4
    VARIABLE        shift and go to state 5

    statement                      shift and go to state 1
    expression                     shift and go to state 2

state 1

    (0) S' -> statement .



state 2

    (1) statement -> expression . SEMICOLON
    (2) expression -> expression . PLUS expression
    (3) expression -> expression . MINUS expression
    (4) expression -> expression . MULTIPLY expression
    (5) expression -> expression . DIVIDE expression

    SEMICOLON       shift and go to state 6
    PLUS            shift and go to state 7
    MINUS           shift and go to state 8
    MULTIPLY        shift and go to state 9
    DIVIDE          shift and go to state 10


state 3

    (6) expression -> LPAREN . expression RPAREN
    (2) expression -> . expression PLUS expression
    (3) expression -> . expression MINUS expression
    (4) expression -> . expression MULTIPLY expression
    (5) expression -> . expression DIVIDE expression
    (6) expression -> . LPAREN expression RPAREN
    (7) expression -> . NUMBER
    (8) expression -> . VARIABLE

    LPAREN          shift and go to state 3
    NUMBER          shift and go to state 4
    VARIABLE        shift and go to state 5

    expression                     shift and go to state 11

state 4

    (7) expression -> NUMBER .

    SEMICOLON       reduce using rule 7 (expression -> NUMBER .)
    PLUS            reduce using rule 7 (expression -> NUMBER .)
    MINUS           reduce using rule 7 (expression -> NUMBER .)
    MULTIPLY        reduce using rule 7 (expression -> NUMBER .)
    DIVIDE          reduce using rule 7 (expression -> NUMBER .)
    RPAREN          reduce using rule 7 (expression -> NUMBER .)


state 5

    (8) expression -> VARIABLE .

    SEMICOLON       reduce using rule 8 (expression -> VARIABLE .)
    PLUS            reduce using rule 8 (expression -> VARIABLE .)
    MINUS           reduce using rule 8 (expression -> VARIABLE .)
    MULTIPLY        reduce using rule 8 (expression -> VARIABLE .)
    DIVIDE          reduce using rule 8 (expression -> VARIABLE .)
    RPAREN          reduce using rule 8 (expression -> VARIABLE .)


state 6

    (1) statement -> expression SEMICOLON .

    $end            reduce using rule 1 (statement -> expression SEMICOLON .)


state 7

    (2) expression -> expression PLUS . expression
    (2) expression -> . expression PLUS expression
    (3) expression -> . expression MINUS expression
    (4) expression -> . expression MULTIPLY expression
    (5) expression -> . expression DIVIDE expression
    (6) expression -> . LPAREN expression RPAREN
    (7) expression -> . NUMBER
    (8) expression -> . VARIABLE

    LPAREN          shift and go to state 3
    NUMBER          shift and go to state 4
    VARIABLE        shift and go to state 5

    expression                     shift and go to state 12

state 8

    (3) expression -> expression MINUS . expression
    (2) expression -> . expression PLUS expression
    (3) expression -> . expression MINUS expression
    (4) expression -> . expression MULTIPLY expression
    (5) expression -> . expression DIVIDE expression
    (6) expression -> . LPAREN expression RPAREN
    (7) expression -> . NUMBER
    (8) expression -> . VARIABLE

    LPAREN          shift and go to state 3
    NUMBER          shift and go to state 4
    VARIABLE        shift and go to state 5

    expression                     shift and go to state 13

state 9

    (4) expression -> expression MULTIPLY . expression
    (2) expression -> . expression PLUS expression
    (3) expression -> . expression MINUS expression
    (4) expression -> . expression MULTIPLY expression
    (5) expression -> . expression DIVIDE expression
    (6) expression -> . LPAREN expression RPAREN
    (7) expression -> . NUMBER
    (8) expression -> . VARIABLE

    LPAREN          shift and go to state 3
    NUMBER          shift and go to state 4
    VARIABLE        shift and go to state 5

    expression                     shift and go to state 14

state 10

    (5) expression -> expression DIVIDE . expression
    (2) expression -> . expression PLUS expression
    (3) expression -> . expression MINUS expression
    (4) expression -> . expression MULTIPLY expression
    (5) expression -> . expression DIVIDE expression
    (6) expression -> . LPAREN expression RPAREN
    (7) expression -> . NUMBER
    (8) expression -> . VARIABLE

    LPAREN          shift and go to state 3
    NUMBER          shift and go to state 4
    VARIABLE        shift and go to state 5

    expression                     shift and go to state 15

state 11

    (6) expression -> LPAREN expression . RPAREN
    (2) expression -> expression . PLUS expression
    (3) expression -> expression . MINUS expression
    (4) expression -> expression . MULTIPLY expression
    (5) expression -> expression . DIVIDE expression

    RPAREN          shift and go to state 16
    PLUS            shift and go to state 7
    MINUS           shift and go to state 8
    MULTIPLY        shift and go to state 9
    DIVIDE          shift and go to state 10


state 12

    (2) expression -> expression PLUS expression .
    (2) expression -> expression . PLUS expression
    (3) expression -> expression . MINUS expression
    (4) expression -> expression . MULTIPLY expression
    (5) expression -> expression . DIVIDE expression

  ! shift/reduce conflict for PLUS resolved as shift
  ! shift/reduce conflict for MINUS resolved as shift
  ! shift/reduce conflict for MULTIPLY resolved as shift
  ! shift/reduce conflict for DIVIDE resolved as shift
    SEMICOLON       reduce using rule 2 (expression -> expression PLUS expression .)
    RPAREN          reduce using rule 2 (expression -> expression PLUS expression .)
    PLUS            shift and go to state 7
    MINUS           shift and go to state 8
    MULTIPLY        shift and go to state 9
    DIVIDE          shift and go to state 10

  ! PLUS            [ reduce using rule 2 (expression -> expression PLUS expression .) ]
  ! MINUS           [ reduce using rule 2 (expression -> expression PLUS expression .) ]
  ! MULTIPLY        [ reduce using rule 2 (expression -> expression PLUS expression .) ]
  ! DIVIDE          [ reduce using rule 2 (expression -> expression PLUS expression .) ]


state 13

    (3) expression -> expression MINUS expression .
    (2) expression -> expression . PLUS expression
    (3) expression -> expression . MINUS expression
    (4) expression -> expression . MULTIPLY expression
    (5) expression -> expression . DIVIDE expression

  ! shift/reduce conflict for PLUS resolved as shift
  ! shift/reduce conflict for MINUS resolved as shift
  ! shift/reduce conflict for MULTIPLY resolved as shift
  ! shift/reduce conflict for DIVIDE resolved as shift
    SEMICOLON       reduce using rule 3 (expression -> expression MINUS expression .)
    RPAREN          reduce using rule 3 (expression -> expression MINUS expression .)
    PLUS            shift and go to state 7
    MINUS           shift and go to state 8
    MULTIPLY        shift and go to state 9
    DIVIDE          shift and go to state 10

  ! PLUS            [ reduce using rule 3 (expression -> expression MINUS expression .) ]
  ! MINUS           [ reduce using rule 3 (expression -> expression MINUS expression .) ]
  ! MULTIPLY        [ reduce using rule 3 (expression -> expression MINUS expression .) ]
  ! DIVIDE          [ reduce using rule 3 (expression -> expression MINUS expression .) ]


state 14

    (4) expression -> expression MULTIPLY expression .
    (2) expression -> expression . PLUS expression
    (3) expression -> expression . MINUS expression
    (4) expression -> expression . MULTIPLY expression
    (5) expression -> expression . DIVIDE expression

  ! shift/reduce conflict for PLUS resolved as shift
  ! shift/reduce conflict for MINUS resolved as shift
  ! shift/reduce conflict for MULTIPLY resolved as shift
  ! shift/reduce conflict for DIVIDE resolved as shift
    SEMICOLON       reduce using rule 4 (expression -> expression MULTIPLY expression .)
    RPAREN          reduce using rule 4 (expression -> expression MULTIPLY expression .)
    PLUS            shift and go to state 7
    MINUS           shift and go to state 8
    MULTIPLY        shift and go to state 9
    DIVIDE          shift and go to state 10

  ! PLUS            [ reduce using rule 4 (expression -> expression MULTIPLY expression .) ]
  ! MINUS           [ reduce using rule 4 (expression -> expression MULTIPLY expression .) ]
  ! MULTIPLY        [ reduce using rule 4 (expression -> expression MULTIPLY expression .) ]
  ! DIVIDE          [ reduce using rule 4 (expression -> expression MULTIPLY expression .) ]


state 15

    (5) expression -> expression DIVIDE expression .
    (2) expression -> expression . PLUS expression
    (3) expression -> expression . MINUS expression
    (4) expression -> expression . MULTIPLY expression
    (5) expression -> expression . DIVIDE expression

  ! shift/reduce conflict for PLUS resolved as shift
  ! shift/reduce conflict for MINUS resolved as shift
  ! shift/reduce conflict for MULTIPLY resolved as shift
  ! shift/reduce conflict for DIVIDE resolved as shift
    SEMICOLON       reduce using rule 5 (expression -> expression DIVIDE expression .)
    RPAREN          reduce using rule 5 (expression -> expression DIVIDE expression .)
    PLUS            shift and go to state 7
    MINUS           shift and go to state 8
    MULTIPLY        shift and go to state 9
    DIVIDE          shift and go to state 10

  ! PLUS            [ reduce using rule 5 (expression -> expression DIVIDE expression .) ]
  ! MINUS           [ reduce using rule 5 (expression -> expression DIVIDE expression .) ]
  ! MULTIPLY        [ reduce using rule 5 (expression -> expression DIVIDE expression .) ]
  ! DIVIDE          [ reduce using rule 5 (expression -> expression DIVIDE expression .) ]


state 16

    (6) expression -> LPAREN expression RPAREN .

    SEMICOLON       reduce using rule 6 (expression -> LPAREN expression RPAREN .)
    PLUS            reduce using rule 6 (expression -> LPAREN expression RPAREN .)
    MINUS           reduce using rule 6 (expression -> LPAREN expression RPAREN .)
    MULTIPLY        reduce using rule 6 (expression -> LPAREN expression RPAREN .)
    DIVIDE          reduce using rule 6 (expression -> LPAREN expression RPAREN .)
    RPAREN          reduce using rule 6 (expression -> LPAREN expression RPAREN .)

WARNING: 
WARNING: Conflicts:
WARNING: 
WARNING: shift/reduce conflict for PLUS in state 12 resolved as shift
WARNING: shift/reduce conflict for MINUS in state 12 resolved as shift
WARNING: shift/reduce conflict for MULTIPLY in state 12 resolved as shift
WARNING: shift/reduce conflict for DIVIDE in state 12 resolved as shift
WARNING: shift/reduce conflict for PLUS in state 13 resolved as shift
WARNING: shift/reduce conflict for MINUS in state 13 resolved as shift
WARNING: shift/reduce conflict for MULTIPLY in state 13 resolved as shift
WARNING: shift/reduce conflict for DIVIDE in state 13 resolved as shift
WARNING: shift/reduce conflict for PLUS in state 14 resolved as shift
WARNING: shift/reduce conflict for MINUS in state 14 resolved as shift
WARNING: shift/reduce conflict for MULTIPLY in state 14 resolved as shift
WARNING: shift/reduce conflict for DIVIDE in state 14 resolved as shift
WARNING: shift/reduce conflict for PLUS in state 15 resolved as shift
WARNING: shift/reduce conflict for MINUS in state 15 resolved as shift
WARNING: shift/reduce conflict for MULTIPLY in state 15 resolved as shift
WARNING: shift/reduce conflict for DIVIDE in state 15 resolved as shift
